// Jest Snapshot v1, https://goo.gl/fbAQLP

exports[`getProductsById tests should return valid response 1`] = `
Object {
  "body": "{\\"count\\":12,\\"description\\":\\"Short Product Description7\\",\\"id\\":\\"7567ec4b-b10c-48c5-9345-fc73c48a80a1\\",\\"price\\":15,\\"title\\":\\"ProductTitle\\"}",
  "headers": Object {
    "Access-Control-Allow-Headers": "*",
    "Access-Control-Allow-Origin": "*",
    "Cache-Control": "no-cache, no-store, max-age=0",
    "Content-Type": "application/json",
  },
  "statusCode": 200,
}
`;
